../Core/Src/main.c:115:5:main	8	static
../Core/Src/main.c:211:6:SystemClock_Config	88	static
../Core/Src/main.c:257:13:MX_ADC1_Init	24	static
../Core/Src/main.c:309:13:MX_CAN1_Init	8	static
../Core/Src/main.c:346:13:MX_ETH_Init	8	static
../Core/Src/main.c:395:13:MX_TIM9_Init	40	static
../Core/Src/main.c:441:13:MX_USART3_UART_Init	8	static
../Core/Src/main.c:474:13:MX_USB_OTG_FS_PCD_Init	8	static
../Core/Src/main.c:507:13:MX_DMA_Init	16	static
../Core/Src/main.c:525:13:MX_GPIO_Init	64	static
../Core/Src/main.c:588:6:StartTask01	16	static
../Core/Src/main.c:607:6:StartTask02	24	static
../Core/Src/main.c:634:6:StartTask03	16	static
../Core/Src/main.c:661:6:HAL_TIM_PeriodElapsedCallback	16	static
../Core/Src/main.c:678:6:Error_Handler	4	static,ignoring_inline_asm
