../Core/Src/main.c:108:10:MAve_Filter	32	static
../Core/Src/main.c:119:6:HAL_ADC_ConvCpltCallback	16	static
../Core/Src/main.c:131:5:main	8	static
../Core/Src/main.c:223:6:SystemClock_Config	88	static
../Core/Src/main.c:269:13:MX_ADC1_Init	24	static
../Core/Src/main.c:321:13:MX_ETH_Init	8	static
../Core/Src/main.c:370:13:MX_TIM12_Init	40	static
../Core/Src/main.c:412:13:MX_USART3_UART_Init	8	static
../Core/Src/main.c:445:13:MX_USB_OTG_FS_PCD_Init	8	static
../Core/Src/main.c:478:13:MX_DMA_Init	16	static
../Core/Src/main.c:496:13:MX_GPIO_Init	56	static
../Core/Src/main.c:557:6:StartTask01	16	static
../Core/Src/main.c:576:6:StartTask02	24	static
../Core/Src/main.c:601:6:StartTask03	16	static
../Core/Src/main.c:621:6:HAL_TIM_PeriodElapsedCallback	16	static
../Core/Src/main.c:638:6:Error_Handler	4	static,ignoring_inline_asm
