../Core/Src/main.c:52:7:HAL_CAN_RxFifo0MsgPendingCallback	16	static
../Core/Src/main.c:148:10:MAve_Filter_use	24	static
../Core/Src/main.c:154:5:MAve_Filter_fill	24	static
../Core/Src/main.c:163:6:HAL_ADC_ConvCpltCallback	16	static
../Core/Src/main.c:168:6:HAL_UART_TxCpltCallback	16	static
../Core/Src/main.c:179:5:main	8	static
../Core/Src/main.c:288:6:SystemClock_Config	88	static
../Core/Src/main.c:334:13:MX_ADC1_Init	24	static
../Core/Src/main.c:405:13:MX_CAN1_Init	48	static
../Core/Src/main.c:455:13:MX_DAC_Init	16	static
../Core/Src/main.c:495:13:MX_ETH_Init	8	static
../Core/Src/main.c:544:13:MX_TIM1_Init	96	static
../Core/Src/main.c:623:13:MX_USART3_UART_Init	8	static
../Core/Src/main.c:656:13:MX_USB_OTG_FS_PCD_Init	8	static
../Core/Src/main.c:689:13:MX_DMA_Init	16	static
../Core/Src/main.c:717:13:MX_GPIO_Init	56	static
../Core/Src/main.c:779:6:StartTask01	16	static
../Core/Src/main.c:810:6:StartTask02	24	static
../Core/Src/main.c:837:6:StartTask03	16	static
../Core/Src/main.c:860:6:StartTask04	24	static
../Core/Src/main.c:898:6:HAL_TIM_PeriodElapsedCallback	16	static
../Core/Src/main.c:915:6:Error_Handler	4	static,ignoring_inline_asm
