../Core/Src/main.c:84:6:HAL_ADC_ConvCpltCallback	16	static
../Core/Src/main.c:98:5:main	16	static
../Core/Src/main.c:149:6:SystemClock_Config	88	static
../Core/Src/main.c:195:13:MX_ADC1_Init	24	static
../Core/Src/main.c:265:13:MX_ETH_Init	8	static
../Core/Src/main.c:314:13:MX_USART3_UART_Init	8	static
../Core/Src/main.c:347:13:MX_USB_OTG_FS_PCD_Init	8	static
../Core/Src/main.c:380:13:MX_DMA_Init	16	static
../Core/Src/main.c:398:13:MX_GPIO_Init	56	static
../Core/Src/main.c:456:6:Error_Handler	4	static,ignoring_inline_asm
