../Core/Src/main.c:115:6:HAL_ADC_ConvCpltCallback	16	static
../Core/Src/main.c:127:5:main	16	static
../Core/Src/main.c:226:6:SystemClock_Config	88	static
../Core/Src/main.c:272:13:MX_ADC1_Init	24	static
../Core/Src/main.c:343:13:MX_DAC_Init	16	static
../Core/Src/main.c:383:13:MX_ETH_Init	8	static
../Core/Src/main.c:432:13:MX_TIM2_Init	64	static
../Core/Src/main.c:495:13:MX_USART3_UART_Init	8	static
../Core/Src/main.c:528:13:MX_USB_OTG_FS_PCD_Init	8	static
../Core/Src/main.c:561:13:MX_DMA_Init	16	static
../Core/Src/main.c:586:13:MX_GPIO_Init	56	static
../Core/Src/main.c:647:6:StartTask01	16	static
../Core/Src/main.c:666:6:StartTask02	16	static
../Core/Src/main.c:685:6:StartTask03	16	static
../Core/Src/main.c:705:6:HAL_TIM_PeriodElapsedCallback	16	static
../Core/Src/main.c:722:6:Error_Handler	4	static,ignoring_inline_asm
