../Core/Src/main.c:75:6:HAL_ADC_ConvCpltCallback	16	static
../Core/Src/main.c:85:5:main	8	static
../Core/Src/main.c:135:6:SystemClock_Config	88	static
../Core/Src/main.c:181:13:MX_ADC1_Init	24	static
../Core/Src/main.c:233:13:MX_I2C1_Init	8	static
../Core/Src/main.c:267:13:MX_I2S3_Init	8	static
../Core/Src/main.c:301:13:MX_SPI1_Init	8	static
../Core/Src/main.c:337:13:MX_DMA_Init	16	static
../Core/Src/main.c:355:13:MX_GPIO_Init	56	static
../Core/Src/main.c:454:6:Error_Handler	4	static,ignoring_inline_asm
