13:40:03 **** Incremental Build of configuration Debug for project DISCOvery6_ADC_interrupt ****
make -j4 all 
arm-none-eabi-gcc "../Core/Src/main.c" -mcpu=cortex-m4 -std=gnu11 -g3 -DDEBUG -DUSE_HAL_DRIVER -DSTM32F407xx -c -I../USB_HOST/App -I../USB_HOST/Target -I../Core/Inc -I../Drivers/STM32F4xx_HAL_Driver/Inc -I../Drivers/STM32F4xx_HAL_Driver/Inc/Legacy -I../Middlewares/ST/STM32_USB_Host_Library/Core/Inc -I../Middlewares/ST/STM32_USB_Host_Library/Class/CDC/Inc -I../Drivers/CMSIS/Device/ST/STM32F4xx/Include -I../Drivers/CMSIS/Include -O0 -ffunction-sections -fdata-sections -Wall -fstack-usage -fcyclomatic-complexity -MMD -MP -MF"Core/Src/main.d" -MT"Core/Src/main.o" --specs=nano.specs -mfpu=fpv4-sp-d16 -mfloat-abi=hard -mthumb -o "Core/Src/main.o"
arm-none-eabi-gcc -o "DISCOvery6_ADC_interrupt.elf" @"objects.list"   -mcpu=cortex-m4 -T"C:\Users\tnc\STM32CubeIDE\workspace_1.12.0\DISCOvery6_ADC_interrupt\STM32F407VGTX_FLASH.ld" --specs=nosys.specs -Wl,-Map="DISCOvery6_ADC_interrupt.map" -Wl,--gc-sections -static --specs=nano.specs -mfpu=fpv4-sp-d16 -mfloat-abi=hard -mthumb -Wl,--start-group -lc -lm -Wl,--end-group
Finished building target: DISCOvery6_ADC_interrupt.elf
 
arm-none-eabi-size   DISCOvery6_ADC_interrupt.elf 
arm-none-eabi-objdump -h -S  DISCOvery6_ADC_interrupt.elf  > "DISCOvery6_ADC_interrupt.list"
   text	   data	    bss	    dec	    hex	filename
  36888	    152	   3680	  40720	   9f10	DISCOvery6_ADC_interrupt.elf
Finished building: default.size.stdout
 
Finished building: DISCOvery6_ADC_interrupt.list
 

13:40:05 Build Finished. 0 errors, 0 warnings. (took 1s.403ms)

