20:43:43 **** Incremental Build of configuration Debug for project DISCOvery2 ****
make -j4 all 
arm-none-eabi-gcc "../Core/Src/main.c" -mcpu=cortex-m4 -std=gnu11 -g3 -DDEBUG -DUSE_HAL_DRIVER -DSTM32F407xx -c -I../USB_HOST/App -I../USB_HOST/Target -I../Core/Inc -I../Drivers/STM32F4xx_HAL_Driver/Inc -I../Drivers/STM32F4xx_HAL_Driver/Inc/Legacy -I../Middlewares/ST/STM32_USB_Host_Library/Core/Inc -I../Middlewares/ST/STM32_USB_Host_Library/Class/CDC/Inc -I../Drivers/CMSIS/Device/ST/STM32F4xx/Include -I../Drivers/CMSIS/Include -O0 -ffunction-sections -fdata-sections -Wall -fstack-usage -fcyclomatic-complexity -MMD -MP -MF"Core/Src/main.d" -MT"Core/Src/main.o" --specs=nano.specs -mfpu=fpv4-sp-d16 -mfloat-abi=hard -mthumb -o "Core/Src/main.o"
arm-none-eabi-gcc -o "DISCOvery2.elf" @"objects.list"   -mcpu=cortex-m4 -T"C:\Users\tnc\STM32CubeIDE\workspace_1.12.0\DISCOvery2\STM32F407VGTX_FLASH.ld" --specs=nosys.specs -Wl,-Map="DISCOvery2.map" -Wl,--gc-sections -static --specs=nano.specs -mfpu=fpv4-sp-d16 -mfloat-abi=hard -mthumb -Wl,--start-group -lc -lm -Wl,--end-group
Finished building target: DISCOvery2.elf
 
arm-none-eabi-size   DISCOvery2.elf 
arm-none-eabi-objdump -h -S  DISCOvery2.elf  > "DISCOvery2.list"
arm-none-eabi-objcopy  -O ihex  DISCOvery2.elf  "DISCOvery2.hex"
   text	   data	    bss	    dec	    hex	filename
  32012	    152	   3592	  35756	   8bac	DISCOvery2.elf
arm-none-eabi-objcopy  -O binary  DISCOvery2.elf  "DISCOvery2.bin"
Finished building: default.size.stdout
 
Finished building: DISCOvery2.bin
Finished building: DISCOvery2.hex
 
 
Finished building: DISCOvery2.list
 

20:43:44 Build Finished. 0 errors, 0 warnings. (took 1s.249ms)

