18:30:51 **** Incremental Build of configuration Debug for project DISCOvery5_ADC_pullforconversion ****
make -j4 all 
arm-none-eabi-gcc "../Core/Src/main.c" -mcpu=cortex-m4 -std=gnu11 -g3 -DDEBUG -DUSE_HAL_DRIVER -DSTM32F407xx -c -I../USB_HOST/App -I../USB_HOST/Target -I../Core/Inc -I../Drivers/STM32F4xx_HAL_Driver/Inc -I../Drivers/STM32F4xx_HAL_Driver/Inc/Legacy -I../Middlewares/ST/STM32_USB_Host_Library/Core/Inc -I../Middlewares/ST/STM32_USB_Host_Library/Class/CDC/Inc -I../Drivers/CMSIS/Device/ST/STM32F4xx/Include -I../Drivers/CMSIS/Include -O0 -ffunction-sections -fdata-sections -Wall -fstack-usage -fcyclomatic-complexity -MMD -MP -MF"Core/Src/main.d" -MT"Core/Src/main.o" --specs=nano.specs -mfpu=fpv4-sp-d16 -mfloat-abi=hard -mthumb -o "Core/Src/main.o"
arm-none-eabi-gcc -o "DISCOvery5_ADC_pullforconversion.elf" @"objects.list"   -mcpu=cortex-m4 -T"C:\Users\tnc\STM32CubeIDE\workspace_1.12.0\DISCOvery5_ADC_pullforconversion\STM32F407VGTX_FLASH.ld" --specs=nosys.specs -Wl,-Map="DISCOvery5_ADC_pullforconversion.map" -Wl,--gc-sections -static --specs=nano.specs -mfpu=fpv4-sp-d16 -mfloat-abi=hard -mthumb -Wl,--start-group -lc -lm -Wl,--end-group
Finished building target: DISCOvery5_ADC_pullforconversion.elf
 
arm-none-eabi-size   DISCOvery5_ADC_pullforconversion.elf 
arm-none-eabi-objdump -h -S  DISCOvery5_ADC_pullforconversion.elf  > "DISCOvery5_ADC_pullforconversion.list"
   text	   data	    bss	    dec	    hex	filename
  35164	    152	   3680	  38996	   9854	DISCOvery5_ADC_pullforconversion.elf
Finished building: default.size.stdout
 
Finished building: DISCOvery5_ADC_pullforconversion.list
 

18:30:53 Build Finished. 0 errors, 0 warnings. (took 1s.460ms)

