12:17:52 **** Incremental Build of configuration Debug for project DISCOvery10_UART_transmit ****
make -j4 all 
arm-none-eabi-gcc "../Core/Src/main.c" -mcpu=cortex-m4 -std=gnu11 -g3 -DDEBUG -DUSE_HAL_DRIVER -DSTM32F407xx -c -I../Core/Inc -I../Drivers/STM32F4xx_HAL_Driver/Inc -I../Drivers/STM32F4xx_HAL_Driver/Inc/Legacy -I../Drivers/CMSIS/Device/ST/STM32F4xx/Include -I../Drivers/CMSIS/Include -O0 -ffunction-sections -fdata-sections -Wall -fstack-usage -fcyclomatic-complexity -MMD -MP -MF"Core/Src/main.d" -MT"Core/Src/main.o" --specs=nano.specs -mfpu=fpv4-sp-d16 -mfloat-abi=hard -mthumb -o "Core/Src/main.o"
arm-none-eabi-gcc -o "DISCOvery10_UART_transmit.elf" @"objects.list"   -mcpu=cortex-m4 -T"C:\Users\tnc\STM32CubeIDE\workspace_1.12.0\DISCOvery10_UART_transmit\STM32F407VGTX_FLASH.ld" --specs=nosys.specs -Wl,-Map="DISCOvery10_UART_transmit.map" -Wl,--gc-sections -static --specs=nano.specs -mfpu=fpv4-sp-d16 -mfloat-abi=hard -mthumb -Wl,--start-group -lc -lm -Wl,--end-group
Finished building target: DISCOvery10_UART_transmit.elf
 
arm-none-eabi-size   DISCOvery10_UART_transmit.elf 
arm-none-eabi-objdump -h -S  DISCOvery10_UART_transmit.elf  > "DISCOvery10_UART_transmit.list"
   text	   data	    bss	    dec	    hex	filename
   8948	     20	   1660	  10628	   2984	DISCOvery10_UART_transmit.elf
Finished building: default.size.stdout
 
Finished building: DISCOvery10_UART_transmit.list
 
