18:38:58 **** Incremental Build of configuration Debug for project NUCleo_CAN_bus ****
make -j4 all 
arm-none-eabi-gcc "../Core/Src/main.c" -mcpu=cortex-m4 -std=gnu11 -g3 -DDEBUG -DUSE_HAL_DRIVER -DSTM32F429xx -c -I../Core/Inc -I../Drivers/STM32F4xx_HAL_Driver/Inc -I../Drivers/STM32F4xx_HAL_Driver/Inc/Legacy -I../Drivers/CMSIS/Device/ST/STM32F4xx/Include -I../Drivers/CMSIS/Include -I../Middlewares/Third_Party/FreeRTOS/Source/include -I../Middlewares/Third_Party/FreeRTOS/Source/CMSIS_RTOS_V2 -I../Middlewares/Third_Party/FreeRTOS/Source/portable/GCC/ARM_CM4F -O0 -ffunction-sections -fdata-sections -Wall -fstack-usage -fcyclomatic-complexity -MMD -MP -MF"Core/Src/main.d" -MT"Core/Src/main.o" --specs=nano.specs -mfpu=fpv4-sp-d16 -mfloat-abi=hard -mthumb -o "Core/Src/main.o"
arm-none-eabi-g++ -o "NUCleo_CAN_bus.elf" @"objects.list"   -mcpu=cortex-m4 -T"C:\Users\tnc\STM32CubeIDE\workspace_1.12.0\NUCleo_CAN_bus\STM32F429ZITX_FLASH.ld" --specs=nosys.specs -Wl,-Map="NUCleo_CAN_bus.map" -Wl,--gc-sections -static --specs=nano.specs -mfpu=fpv4-sp-d16 -mfloat-abi=hard -mthumb -Wl,--start-group -lc -lm -lstdc++ -lsupc++ -Wl,--end-group
Finished building target: NUCleo_CAN_bus.elf
 
arm-none-eabi-size   NUCleo_CAN_bus.elf 
arm-none-eabi-objdump -h -S  NUCleo_CAN_bus.elf  > "NUCleo_CAN_bus.list"
   text	   data	    bss	    dec	    hex	filename
  33444	     24	  23000	  56468	   dc94	NUCleo_CAN_bus.elf
Finished building: default.size.stdout
 
Finished building: NUCleo_CAN_bus.list
 
18:39:12 **** Incremental Build of configuration Debug for project NUCleo_CAN_bus ****
make -j4 all 
arm-none-eabi-size   NUCleo_CAN_bus.elf 
   text	   data	    bss	    dec	    hex	filename
  33444	     24	  23000	  56468	   dc94	NUCleo_CAN_bus.elf
Finished building: default.size.stdout
 
