15:37:53 **** Incremental Build of configuration Debug for project NUCleo_project_car_brain ****
make -j4 all 
arm-none-eabi-gcc "../Core/Src/main.c" -mcpu=cortex-m4 -std=gnu11 -g3 -DDEBUG -DUSE_HAL_DRIVER -DSTM32F429xx -c -I../Core/Inc -I../Drivers/STM32F4xx_HAL_Driver/Inc -I../Drivers/STM32F4xx_HAL_Driver/Inc/Legacy -I../Drivers/CMSIS/Device/ST/STM32F4xx/Include -I../Drivers/CMSIS/Include -I../Middlewares/Third_Party/FreeRTOS/Source/include -I../Middlewares/Third_Party/FreeRTOS/Source/CMSIS_RTOS_V2 -I../Middlewares/Third_Party/FreeRTOS/Source/portable/GCC/ARM_CM4F -O0 -ffunction-sections -fdata-sections -Wall -fstack-usage -fcyclomatic-complexity -MMD -MP -MF"Core/Src/main.d" -MT"Core/Src/main.o" --specs=nano.specs -mfpu=fpv4-sp-d16 -mfloat-abi=hard -mthumb -o "Core/Src/main.o"
arm-none-eabi-g++ -o "NUCleo_project_car_brain.elf" @"objects.list"   -mcpu=cortex-m4 -T"C:\Users\tnc\STM32CubeIDE\workspace_1.12.0\NUCleo_project_car_brain\STM32F429ZITX_FLASH.ld" --specs=nosys.specs -Wl,-Map="NUCleo_project_car_brain.map" -Wl,--gc-sections -static --specs=nano.specs -mfpu=fpv4-sp-d16 -mfloat-abi=hard -mthumb -Wl,--start-group -lc -lm -lstdc++ -lsupc++ -Wl,--end-group
Finished building target: NUCleo_project_car_brain.elf
 
arm-none-eabi-size   NUCleo_project_car_brain.elf 
arm-none-eabi-objdump -h -S  NUCleo_project_car_brain.elf  > "NUCleo_project_car_brain.list"
   text	   data	    bss	    dec	    hex	filename
  31992	     24	  22624	  54640	   d570	NUCleo_project_car_brain.elf
Finished building: default.size.stdout
 
Finished building: NUCleo_project_car_brain.list
 

15:37:55 Build Finished. 0 errors, 0 warnings. (took 1s.765ms)

