17:46:09 **** Incremental Build of configuration Debug for project NUCleo_DAC_pwm_adc ****
make -j4 all 
arm-none-eabi-gcc "../Core/Src/stm32f4xx_hal_msp.c" -mcpu=cortex-m4 -std=gnu11 -g3 -DDEBUG -DUSE_HAL_DRIVER -DSTM32F429xx -c -I../Core/Inc -I../Drivers/STM32F4xx_HAL_Driver/Inc -I../Drivers/STM32F4xx_HAL_Driver/Inc/Legacy -I../Drivers/CMSIS/Device/ST/STM32F4xx/Include -I../Drivers/CMSIS/Include -I../Middlewares/Third_Party/FreeRTOS/Source/include -I../Middlewares/Third_Party/FreeRTOS/Source/CMSIS_RTOS_V2 -I../Middlewares/Third_Party/FreeRTOS/Source/portable/GCC/ARM_CM4F -O0 -ffunction-sections -fdata-sections -Wall -fstack-usage -fcyclomatic-complexity -MMD -MP -MF"Core/Src/stm32f4xx_hal_msp.d" -MT"Core/Src/stm32f4xx_hal_msp.o" --specs=nano.specs -mfpu=fpv4-sp-d16 -mfloat-abi=hard -mthumb -o "Core/Src/stm32f4xx_hal_msp.o"
arm-none-eabi-gcc -o "NUCleo_DAC_pwm_adc.elf" @"objects.list"   -mcpu=cortex-m4 -T"C:\Users\tnc\STM32CubeIDE\workspace_1.12.0\NUCleo_DAC_pwm_adc\STM32F429ZITX_FLASH.ld" --specs=nosys.specs -Wl,-Map="NUCleo_DAC_pwm_adc.map" -Wl,--gc-sections -static --specs=nano.specs -mfpu=fpv4-sp-d16 -mfloat-abi=hard -mthumb -Wl,--start-group -lc -lm -Wl,--end-group
Finished building target: NUCleo_DAC_pwm_adc.elf
 
arm-none-eabi-size   NUCleo_DAC_pwm_adc.elf 
arm-none-eabi-objdump -h -S  NUCleo_DAC_pwm_adc.elf  > "NUCleo_DAC_pwm_adc.list"
   text	   data	    bss	    dec	    hex	filename
  35984	     24	  22840	  58848	   e5e0	NUCleo_DAC_pwm_adc.elf
Finished building: default.size.stdout
 
Finished building: NUCleo_DAC_pwm_adc.list
 

17:46:11 Build Finished. 0 errors, 0 warnings. (took 1s.752ms)

